*********************************** QMBCertify ***********************************
QMBCertify is launching...
Generating the monomial basis...
Obtained the monomial basis in 0.253673383 seconds.
Starting block-diagonalization...
Finished block-diagonalization in 0.067965424 seconds.
SDP size: n = 84, m = 1499
Adding the rdm constraint...
Added the rdm constraint in 5.537512273 seconds.
Solving the SDP...
Problem
  Name                   :                 
  Objective sense        : maximize        
  Type                   : CONIC (conic optimization problem)
  Constraints            : 1499            
  Affine conic cons.     : 20 (10560 rows)
  Disjunctive cons.      : 0               
  Cones                  : 0               
  Scalar variables       : 641             
  Matrix variables       : 21 (scalarized: 46831)
  Integer variables      : 0               

Optimizer started.
Presolve started.
Linear dependency checker started.
Linear dependency checker terminated.
Eliminator started.
Freed constraints in eliminator : 0
Eliminator terminated.
Eliminator - tries                  : 1                 time                   : 0.00            
Lin. dep.  - tries                  : 1                 time                   : 0.00            
Lin. dep.  - primal attempts        : 1                 successes              : 1               
Lin. dep.  - dual attempts          : 0                 successes              : 0               
Lin. dep.  - primal deps.           : 0                 dual deps.             : 0               
Presolve terminated. Time: 0.00    
Optimizer  - threads                : 16              
Optimizer  - solved problem         : the primal      
Optimizer  - Constraints            : 12059           
Optimizer  - Cones                  : 1               
Optimizer  - Scalar variables       : 643               conic                  : 642             
Optimizer  - Semi-definite variables: 40                scalarized             : 57390           
Factor     - setup time             : 0.47            
Factor     - dense det. time        : 0.20              GP order time          : 0.03            
Factor     - nonzeros before factor : 3.69e+06          after factor           : 6.07e+06        
Factor     - dense dim.             : 130               flops                  : 4.85e+09        
Factor     - GP saved nzs           : 7.95e+05          GP saved flops         : 9.54e+08        
ITE PFEAS    DFEAS    GFEAS    PRSTATUS   POBJ              DOBJ              MU       TIME  
0   1.3e+03  1.0e+00  1.0e+00  0.00e+00   -0.000000000e+00  -0.000000000e+00  1.0e+00  0.51  
1   9.8e+02  7.7e-01  6.7e-01  1.00e+00   -4.216152403e-04  -1.111383061e-04  7.7e-01  0.60  
2   3.2e+02  2.5e-01  1.2e-01  1.00e+00   -2.300879009e-03  -6.952778249e-04  2.5e-01  0.71  
3   7.6e+01  5.9e-02  1.4e-02  1.02e+00   -6.436991237e-03  -3.840887666e-03  5.9e-02  0.83  
4   1.2e+01  9.3e-03  7.5e-04  1.09e+00   -3.381580316e-02  -3.201538103e-02  9.3e-03  0.95  
5   2.0e+00  1.6e-03  4.0e-05  1.30e+00   -9.271706015e-02  -9.221462938e-02  1.6e-03  1.05  
6   9.4e-01  7.4e-04  1.3e-05  1.13e+00   -2.136177878e-01  -2.134230154e-01  7.4e-04  1.14  
7   2.0e-01  1.5e-04  1.3e-06  1.03e+00   -3.741875123e-01  -3.741542930e-01  1.5e-04  1.26  
8   7.4e-02  5.8e-05  3.1e-07  9.75e-01   -4.234447900e-01  -4.234325560e-01  5.8e-05  1.36  
9   4.8e-02  3.7e-05  1.6e-07  9.91e-01   -4.323735221e-01  -4.323656263e-01  3.7e-05  1.45  
10  1.2e-02  9.1e-06  1.9e-08  9.96e-01   -4.442635464e-01  -4.442615235e-01  9.1e-06  1.56  
11  3.0e-03  2.4e-06  2.5e-09  1.00e+00   -4.467403491e-01  -4.467398125e-01  2.4e-06  1.67  
12  8.8e-04  6.9e-07  3.9e-10  1.00e+00   -4.472401507e-01  -4.472399921e-01  6.9e-07  1.78  
13  4.2e-04  3.3e-07  1.3e-10  1.00e+00   -4.473337572e-01  -4.473336828e-01  3.3e-07  1.87  
14  7.7e-05  6.0e-08  9.8e-12  1.00e+00   -4.473993264e-01  -4.473993109e-01  6.0e-08  1.97  
15  1.5e-05  1.2e-08  8.6e-13  1.00e+00   -4.474085875e-01  -4.474085846e-01  1.2e-08  2.07  
16  2.2e-06  2.0e-09  4.9e-14  1.00e+00   -4.474101458e-01  -4.474101453e-01  1.7e-09  2.18  
17  3.4e-07  3.5e-09  3.0e-15  1.00e+00   -4.474104232e-01  -4.474104231e-01  2.7e-10  2.28  
18  1.0e-07  3.3e-08  5.1e-16  1.00e+00   -4.474104583e-01  -4.474104583e-01  8.2e-11  2.63  
19  7.3e-08  5.0e-08  9.8e-17  1.00e+00   -4.474104701e-01  -4.474104701e-01  2.7e-11  2.77  
20  7.3e-08  5.0e-08  9.8e-17  1.00e+00   -4.474104701e-01  -4.474104701e-01  2.7e-11  3.01  
Optimizer terminated. Time: 3.20    

SDP solving time: 3.227764351 seconds.
termination status: SLOW_PROGRESS
solution status: FEASIBLE_POINT
optimum = -0.4474104700742509
