*********************************** QMBCertify ***********************************
QMBCertify is launching...
Generating the monomial basis...
Obtained the monomial basis in 0.341735291 seconds.
Starting block-diagonalization...
Finished block-diagonalization in 2.589539392 seconds.
SDP size: n = 84, m = 1499
Adding the rdm constraint...
Added the rdm constraint in 6.279762813 seconds.
Solving the SDP...
Problem
  Name                   :                 
  Objective sense        : maximize        
  Type                   : CONIC (conic optimization problem)
  Constraints            : 1499            
  Affine conic cons.     : 0               
  Disjunctive cons.      : 0               
  Cones                  : 0               
  Scalar variables       : 1               
  Matrix variables       : 21 (scalarized: 46831)
  Integer variables      : 0               

Optimizer started.
Presolve started.
Linear dependency checker started.
Linear dependency checker terminated.
Eliminator started.
Freed constraints in eliminator : 0
Eliminator terminated.
Eliminator - tries                  : 1                 time                   : 0.00            
Lin. dep.  - tries                  : 1                 time                   : 0.00            
Lin. dep.  - primal attempts        : 1                 successes              : 1               
Lin. dep.  - dual attempts          : 0                 successes              : 0               
Lin. dep.  - primal deps.           : 0                 dual deps.             : 0               
Presolve terminated. Time: 0.00    
Optimizer  - threads                : 16              
Optimizer  - solved problem         : the primal      
Optimizer  - Constraints            : 1499            
Optimizer  - Cones                  : 1               
Optimizer  - Scalar variables       : 3                 conic                  : 2               
Optimizer  - Semi-definite variables: 20                scalarized             : 46830           
Factor     - setup time             : 0.07            
Factor     - dense det. time        : 0.02              GP order time          : 0.00            
Factor     - nonzeros before factor : 7.03e+05          after factor           : 7.08e+05        
Factor     - dense dim.             : 0                 flops                  : 1.80e+09        
ITE PFEAS    DFEAS    GFEAS    PRSTATUS   POBJ              DOBJ              MU       TIME  
0   1.3e+03  1.0e+00  1.0e+00  0.00e+00   -0.000000000e+00  -0.000000000e+00  1.0e+00  0.11  
1   1.9e+00  1.5e-03  5.9e-05  1.00e+00   -1.302928173e-04  -1.445942487e-04  1.5e-03  0.18  
2   6.1e-01  4.8e-04  9.9e-06  9.98e-01   -7.770002939e-02  -7.764654466e-02  4.8e-04  0.24  
3   3.3e-01  2.6e-04  4.0e-06  9.85e-01   -2.406665527e-01  -2.406467512e-01  2.6e-04  0.30  
4   6.6e-02  5.1e-05  3.8e-07  9.78e-01   -4.059225486e-01  -4.059238341e-01  5.1e-05  0.37  
5   2.3e-02  1.8e-05  7.9e-08  9.77e-01   -4.343308904e-01  -4.343306418e-01  1.8e-05  0.44  
6   1.4e-02  1.1e-05  3.5e-08  9.94e-01   -4.397816316e-01  -4.397815739e-01  1.1e-05  0.50  
7   3.5e-03  2.7e-06  4.6e-09  9.97e-01   -4.456017633e-01  -4.456017357e-01  2.7e-06  0.57  
8   1.1e-03  8.4e-07  7.9e-10  1.00e+00   -4.469252247e-01  -4.469252244e-01  8.4e-07  0.63  
9   2.7e-04  2.1e-07  9.8e-11  1.00e+00   -4.473055832e-01  -4.473055776e-01  2.1e-07  0.71  
10  1.0e-04  7.9e-08  2.2e-11  1.00e+00   -4.473769609e-01  -4.473769608e-01  7.9e-08  0.77  
11  1.8e-05  1.4e-08  1.7e-12  1.00e+00   -4.474061429e-01  -4.474061426e-01  1.4e-08  0.84  
12  3.9e-06  3.1e-09  1.7e-13  1.00e+00   -4.474093841e-01  -4.474093840e-01  3.1e-09  0.92  
13  3.9e-07  4.5e-10  5.2e-15  1.00e+00   -4.474103500e-01  -4.474103500e-01  3.0e-10  0.99  
14  2.3e-07  2.8e-09  2.4e-15  1.00e+00   -4.474104044e-01  -4.474104044e-01  1.8e-10  1.05  
15  6.0e-08  3.6e-09  3.3e-16  1.00e+00   -4.474104581e-01  -4.474104581e-01  4.7e-11  1.12  
16  4.6e-09  5.4e-08  7.0e-18  1.00e+00   -4.474104771e-01  -4.474104771e-01  3.6e-12  1.19  
Optimizer terminated. Time: 1.19    

SDP solving time: 3.340177141 seconds.
optimum = -0.44741047710079174
